// Jest Snapshot v1, https://goo.gl/fbAQLP

exports[`OrderItem Component matches snapshot 1`] = `
<div
<<<<<<< HEAD
  className="css-1nh1uvi"
=======
  className="css-1mt98ux"
>>>>>>> layout
>
  <div
    className="css-1b3c84b"
  >
    <div
      className="css-l9s608"
    >
      <h3
        className="css-ytgaz"
      >
        OrderId:
         
        <span
          style={
            Object {
              "color": "#553517",
            }
          }
        >
          asdadwda
        </span>
      </h3>
      <div
        className="css-1a2mf0e"
      >
        <svg
          dangerouslySetInnerHTML={
            Object {
              "__html": "<path d=\\"M12 22C6.477 22 2 17.523 2 12S6.477 2 12 2s10 4.477 10 10s-4.477 10-10 10zm0-2a8 8 0 1 0 0-16a8 8 0 0 0 0 16zm0-9.414l2.828-2.829l1.415 1.415L13.414 12l2.829 2.828l-1.415 1.415L12 13.414l-2.828 2.829l-1.415-1.415L10.586 12L7.757 9.172l1.415-1.415L12 10.586z\\" fill=\\"currentColor\\"/>",
            }
          }
          focusable={false}
          height="1em"
          preserveAspectRatio="xMidYMid meet"
          style={
            Object {
              "transform": "rotate(360deg)",
              "verticalAlign": "-0.125em",
            }
          }
          viewBox="0 0 24 24"
          width="1em"
          xmlns="http://www.w3.org/2000/svg"
        />
        Not paid
      </div>
    </div>
    <div
      className="css-1y35514"
      onClick={[Function]}
    >
      <svg
        dangerouslySetInnerHTML={
          Object {
            "__html": "<path d=\\"M12 13.172l4.95-4.95l1.414 1.414L12 16L5.636 9.636L7.05 8.222z\\" fill=\\"currentColor\\"/>",
          }
        }
        focusable={false}
        height="1em"
        preserveAspectRatio="xMidYMid meet"
        style={
          Object {
            "transform": "rotate(360deg)",
          }
        }
        viewBox="0 0 24 24"
        width="1em"
        xmlns="http://www.w3.org/2000/svg"
      />
    </div>
  </div>
</div>
`;
