// Jest Snapshot v1, https://goo.gl/fbAQLP

exports[`StatusBadge matches snapshot 1`] = `
<div
  className="css-1a0lovt"
>
  Not Paid
</div>
`;
