// Jest Snapshot v1, https://goo.gl/fbAQLP

exports[`Links matches snapshot 1`] = `
<div
  className="custom-scrollbar css-12ccfx2"
>
  <div
    className="exported css-1844eye"
  >
    <div
      dangerouslySetInnerHTML={
        Object {
          "__html": "<article id=\\"0eeaf433-4b0f-4617-b3b3-260630e31ccd\\" class=\\"page sans\\"><header><img class=\\"page-cover-image\\" src=\\"https://www.notion.so/images/page-cover/nasa_eva_during_skylab_3.jpg\\" style=\\"object-position:center 40%; width: 100vw;\\"/><div class=\\"page-header-icon page-header-icon-with-cover\\"><span class=\\"icon\\">🔥</span></div><h1 class=\\"page-title\\">BUAT TASYA!!</h1></header><div class=\\"page-body\\"><h1 id=\\"b67a4874-98b4-406e-b020-c91228585e76\\" class=\\"\\">Etheral</h1><p id=\\"58a33a68-0d95-4714-92e5-ed4cf18d2159\\" class=\\"\\"><strong>Domain: </strong></p><p id=\\"b663c8c1-3044-4b2a-a82d-9e1f213dbacd\\" class=\\"\\"><strong>Domain sementara: </strong><a href=\\"https://suspicious-shaw-fc0d0c.netlify.app/\\">https://suspicious-shaw-fc0d0c.netlify.app</a></p><p id=\\"e512e3f4-db19-420a-989a-f92fee8835a8\\" class=\\"\\"><strong>CMS : </strong><a href=\\"https://flamelink.io/\\">https://flamelink.io/</a></p><p id=\\"797fecca-21da-4b25-ac0c-57482a1f9f1c\\" class=\\"\\"><strong>Payment: </strong><a href=\\"https://my.ipaymu.com/login\\">https://my.ipaymu.com/login</a><div class=\\"indented\\"><p id=\\"e2e2cf03-d4f3-4d63-b627-f1603a40ad60\\" class=\\"\\"><strong>Email</strong>: asketheral@gmail.com</p><p id=\\"bf9ccc40-9170-426f-a3df-bb011c8c1f17\\" class=\\"\\"><strong>Pass:</strong> @Giffy2019</p></div></p><p id=\\"2aeab0f5-c6e6-48bc-8d17-622d3d0ef4d3\\" class=\\"\\"><strong>Admin: </strong>(Website etheral)/admin</p><p id=\\"85d00b9b-4a4d-48d9-901e-bd347b3cbdbc\\" class=\\"\\"><strong>Etheral Notification</strong><div class=\\"indented\\"><p id=\\"18c7fd64-ecdd-4f8b-8100-77d7124164c2\\" class=\\"\\"><strong>Email: </strong>etheral.notification@gmail.com</p><p id=\\"c1576d56-9eea-4452-b47b-e4930d7f0aec\\" class=\\"\\"><strong>Pass: </strong>@Giffy2019</p></div></p><p id=\\"e27d0839-1baf-4c75-a90d-bd00f08cd9e5\\" class=\\"\\">
</p><p id=\\"ac2e10a9-e8ec-4fd8-bfeb-377ea78bbb9c\\" class=\\"\\">→ semua username + password: asketheral@gmail.com. + @Giffy2019</p><p id=\\"9d695ab0-eec7-4e43-9910-d196b635d86c\\" class=\\"\\">
</p><figure id=\\"1319dd58-faca-4f6e-ba87-9a2d34f0db3c\\" class=\\"link-to-page\\"><a href=\\"#cms\\"><span class=\\"icon\\">✍️</span>Content Management System</a></figure><h2 id=\\"64deadf8-1d28-4af7-970a-3716c9ad2285\\" class=\\"\\">💸 Ipaymu.</h2><p id=\\"4be5db22-12f3-4e82-9630-66cf098a9095\\" class=\\"\\">jadi ipaymu itu sistem buat automate payment dr transaksi yg bakal di bikin dr websitenya. Ipaymu ini sistemnya saldo, jadi harus tarik saldo (ga langsung dapet) + kena fee 3500/ transaksi sukses.</p><p id=\\"7c95e546-641f-4773-8912-4c4117e250ae\\" class=\\"\\">⚠ Ipaymu ini buat payment di indo doang.</p><h2 id=\\"183b5bc9-f7a4-44f5-af4b-e521c162e664\\" class=\\"\\">📧 Etheral notification.</h2><p id=\\"92beb732-a732-4513-8246-0142a49c338c\\" class=\\"\\">Jadi nanti tiap kali user beli / bayar orderan yang terjadi lewat web, asketheral@gmail.com bakal dapet email dari etheral notification. itu tuh email gmail biasa doang, kerjaannya buat kirim email tiap order / paid order. </p><p id=\\"be7ac274-dcf2-4e39-b3b7-f1fa02263646\\" class=\\"\\"><mark class=\\"highlight-red\\">❔ </mark><mark class=\\"highlight-red\\"><strong>Kenapa gak disatuin sama asketheral@gmail.com</strong></mark><mark class=\\"highlight-red\\">: </mark></p><p id=\\"39980e9f-0388-4430-ae46-48d8a0e69c77\\" class=\\"\\">Jadi tugas etheral notification tuh cuma ngasih kabar doang. Nanti kalo mau cek sendiri di admin panel juga gak apa. Tapi, krn ini yg kirim emailnya tuh robot, jadi takutnya kl pake main email (asketheral@gmail itu) takut ada masalah.</p><p id=\\"4cc5b874-149c-4069-9bdf-2345592c6165\\" class=\\"\\">
</p></div></article>",
        }
      }
      id="main"
    />
    <div
      dangerouslySetInnerHTML={
        Object {
          "__html": "<article id=\\"1319dd58-faca-4f6e-ba87-9a2d34f0db3c\\" class=\\"page sans\\"><header><div class=\\"page-header-icon undefined\\"><span class=\\"icon\\">✍️</span></div><h1 class=\\"page-title\\">Content Management System</h1></header><div class=\\"page-body\\"><figure class=\\"block-color-gray_background callout\\" style=\\"white-space:pre-wrap;display:flex\\" id=\\"871fb3ba-fe06-4974-9a70-bfca06178223\\"><div style=\\"font-size:1.5em\\"><span class=\\"icon\\">💡</span></div><div style=\\"width:100%\\">Gua pisahin, takutnya kalo digabung ke page yg sebelumnya orang jadi bingung bacanya.</div></figure><h2 id=\\"a24cf50c-8573-4f52-b892-18730ee31eb6\\" class=\\"\\">📝 CMS itu apaa?</h2><p id=\\"192679ed-2415-4be6-a0e1-a31fa174197d\\" class=\\"\\">Cms itu content management system, jadi cms itu gunanya buat bikin content yang bakal dimasukin ke website. Tiap kali content dibikin di cms tsb,<mark class=\\"highlight-gray\\"> </mark><mark class=\\"highlight-gray\\"><del>websitenya bakal langsung ke update (jedaa max 5 menit). </del></mark>Admin harus ke dashboard (/admin) buat publish website baru. <div class=\\"indented\\"><p id=\\"d6644d68-ccd8-49f2-b2c0-f922ac844b73\\" class=\\"\\"><mark class=\\"highlight-red\\"><strong>❓ Kenapa ga langsung ke update aja tiapkali bikin content baru?</strong></mark><div class=\\"indented\\"><ul id=\\"4a62139e-00bc-4fe2-89c5-4ab223610363\\" class=\\"bulleted-list\\"><li>Buat bikin website ke update tiap kali bikin content itu butuh yg namanya <em>webhook</em>, nah <em>webhook</em>. Nah intinya kalo kita mau punya <em>webhook </em>yang bs bikin website ke update tiapkali bikin content kita hrs either bayar or masukin info cc (belum tentu harus bayar juga)</li></ul><ul id=\\"ed2b0a03-54d7-4064-9be0-586353adfc7f\\" class=\\"bulleted-list\\"><li>Pake account netlify pribadi, jadi seandainya pilih buat bikin <em>webhook </em>⬆ ⇒ Harus pindahin account netlify ke yang baru. Karena kalo kebanyakan update dlm sebulan nanti kuota account gua abis ☺ </li></ul><p id=\\"b9e64b49-5090-496c-8674-fa04df7ce718\\" class=\\"\\">
</p></div></p></div></p><p id=\\"f95642a6-67be-40d1-813e-a106714763e9\\" class=\\"\\">⚠<strong> </strong><del><mark class=\\"highlight-gray\\"><strong>KALAU BISA:  </strong></mark></del><del><mark class=\\"highlight-gray\\">bikin / update content kalo udah fix aja, dalam artian jangan dikit&quot; update content kalo ga perlu, krn kalo kebykan (50 kali/hari ?) jadinya nanti websitenya bakal ke update 50 kali dalem sehari ⇒ ga konsisten..</mark></del></p><p id=\\"35f58722-0333-43b8-b018-df20fac0f375\\" class=\\"\\"><mark class=\\"highlight-red\\">🤓 </mark><mark class=\\"highlight-red\\"><strong>Cara login ke cms?</strong></mark><mark class=\\"highlight-red\\">:</mark> Sebenernya sama aja kayak login ke admin biasa, nanti ad form di CMS buat bikin collection, products sama isi blog nyaa..</p><p id=\\"01461e73-646f-4236-96fd-70ecc415d36b\\" class=\\"\\"><mark class=\\"highlight-red\\">🌍 </mark><mark class=\\"highlight-red\\"><strong>Link CMS :</strong></mark><strong> </strong><a href=\\"https://flamelink.io/\\">https://flamelink.io/</a></p><p id=\\"c6194211-4009-486a-a5b2-d724dd0f10b8\\" class=\\"\\">
</p><p id=\\"7b52c8c4-e38f-4aab-a153-c00014271cf6\\" class=\\"\\"><strong>Cara Login</strong></p><figure id=\\"0f343bba-4069-4572-a4b2-7fa69f77ad20\\" class=\\"image\\"><a href=\\"/etheral_cms_tuts1.gif\\"><img style=\\"width:1920px\\" src=\\"/etheral_cms_tuts1.gif\\"/></a></figure><p id=\\"6f24d665-bffa-4ead-9e0c-bf105752b834\\" class=\\"\\">
</p><p id=\\"597bb8fd-9d17-4ad1-9293-0bd6bf51a21b\\" class=\\"\\"><strong>Cara tambah product</strong></p><figure id=\\"e766740f-de78-42b8-b3ce-ef3b326aff25\\" class=\\"image\\"><a href=\\"Content%20Management%20System%201319dd58faca4f6eba879a2d34f0db3c/etheral_cms_tuts2.gif\\"><img style=\\"width:1920px\\" src=\\"/etheral_cms_tuts2.gif\\"/></a></figure><p id=\\"fe9ad567-14cd-4d19-8d19-41cd3c0225fb\\" class=\\"\\"><strong>Cara tambah  collection</strong></p><figure id=\\"ecf1ca9a-2017-4b69-93e5-4278258136ca\\" class=\\"image\\"><a href=\\"/etheral_cms-tuts3.gif\\"/></a></figure><p id=\\"500cbfd6-bd7f-4944-865a-ba9fda681d9f\\" class=\\"\\">
</p><h2 id=\\"71747a5d-f844-48ee-b27f-ad7eff660a4c\\" class=\\"\\">📑 Tentang homepage</h2><p id=\\"e95bd3df-bc7c-4486-8e63-980ac97a2455\\" class=\\"\\">Jadi homepage etheral bisa langsung di customize dari CMS → flamelink.</p><figure id=\\"e1483e1d-07f3-4428-8e03-6c18c216f017\\" class=\\"image\\"><a href=\\"/homepage_tut1.gif\\"><img style=\\"width:1338px\\" src=\\"/homepage_tut1.gif\\"/></a></figure><p id=\\"007bda82-275c-4dcd-9f9c-3786f8f6e481\\" class=\\"\\"><strong><mark class=\\"highlight-red\\">Semua di homepage bisa diganti&quot;</mark></strong>, jadi contohnya gambar hero (yang gede + ada tombol di tengah itu) bisa diganti sesuai dgn apa yg pengen jadi headline website saat itu (contoh ada collection baru / ada sale untuk waktu tertentu). Campaign (4 kotak gede dibawah hero). Juga bisa di ganti&quot;. Jadi, inti hero sama campaign itu sama, display gambar buat cust liat + kasih nama campaign + kasih link dalem website biar waktu cust click campaign/hero bisa langsung ke redirect.</p><p id=\\"3552d268-f35c-4f2f-a78a-2afb5969c4fa\\" class=\\"\\"><mark class=\\"highlight-red\\"><strong>Product di homepage juga bisa diganti ganti!.</strong></mark> Jadi lu bisa highlight product tertentu di homepage (bagian bawah campaign) buat di showcase di landing. </p><p id=\\"68b6ea48-5bfe-402e-bc40-243d236b9b68\\" class=\\"\\">
</p><p id=\\"1039fb35-5695-49e7-b78c-e26f305961b4\\" class=\\"\\"><strong>Cara ganti hero</strong></p><figure id=\\"0b14afe4-378c-4bcf-816c-23178565548b\\" class=\\"image\\"><a href=\\"Content%20Management%20System%201319dd58faca4f6eba879a2d34f0db3c/homepage_tut2.gif\\"><img style=\\"width:1338px\\" src=\\"/homepage_tut2.gif\\"/></a></figure><p id=\\"c54ad8a9-3e0a-4990-9e46-64797c3b8da5\\" class=\\"\\">
</p><p id=\\"946f2638-9635-422b-9330-29f34f232b4e\\" class=\\"\\"><strong>Cara ganti campaign</strong></p><figure id=\\"b12319e4-0cbc-4107-81b4-0a8f53c7f3ed\\" class=\\"image\\"><a href=\\"Content%20Management%20System%201319dd58faca4f6eba879a2d34f0db3c/homepage_tut3.gif\\"><img style=\\"width:1338px\\" src=\\"/homepage_tut3.gif\\"/></a></figure><p id=\\"9efe89d1-f7a1-414a-9d58-3df43b34e371\\" class=\\"\\">
</p><p id=\\"b012d050-f34f-4bda-9bc6-dad6e02fa7fc\\" class=\\"\\"><strong>Cara ganti product</strong></p><figure id=\\"a1564afe-519a-4071-afaf-892b84280f3c\\" class=\\"image\\"><a href=\\"Content%20Management%20System%201319dd58faca4f6eba879a2d34f0db3c/homepage_tut4.gif\\"><img style=\\"width:1338px\\" src=\\"/homepage_tut4.gif\\"/></a><figcaption>Productnya itu tinggal dipilih dari databse product yang udah ada.</figcaption></figure><p id=\\"575be5b4-24a5-43fa-ba8a-288c0e1f97bd\\" class=\\"\\">
</p><p id=\\"656b29a8-b3ac-4cf4-97fd-674f15cef8be\\" class=\\"\\"><strong><mark class=\\"highlight-red\\">Maksudnya link dalem website apa? gimana bisa tau linknya?</mark></strong></p><p id=\\"9cd214b9-9f82-4e08-8ac2-0295b3277a1e\\" class=\\"\\">Jadi, link dalem website itu formatnya begini /&lt;nama collection&gt;/&lt;nama product&gt;. Tapi, nama colelction dan nama product gak boleh ada huruf besar dan spasi di ganti sama strip (-).</p><figure class=\\"block-color-gray_background callout\\" style=\\"white-space:pre-wrap;display:flex\\" id=\\"9158542e-f002-490b-9d57-178ef5d6dd87\\"><div style=\\"font-size:1.5em\\"><span class=\\"icon\\">💡</span></div><div style=\\"width:100%\\"><strong>Contohnya</strong> domain etheral: <strong><a href=\\"http://etheralmade.com\\">etheralmade.com</a></strong><strong>.</strong> Nama collection: <strong>Burger King</strong>. Nama product: <strong>Whooper JR. </strong></div></figure><p id=\\"7056e7fd-940d-4d9a-881a-d0bf0cb19dec\\" class=\\"\\">Nah berarti disini, link buat direct access ke product Whooper JR tuh: <mark class=\\"highlight-teal\\"><strong>etheral.com/burger-king/whooper-jr. </strong></mark>Kalo lu seandainya mau bikin campaign tentang Whooper JR ini, tinggal masukin ke bagian button-link (hero) atau campaign-link (campaign): <strong><mark class=\\"highlight-teal\\">/burger-king/whooper-j</mark></strong>r ato kalo mau highlight tentang collection burger-king, bisa isi <mark class=\\"highlight-teal\\"><strong>/burger-king</strong></mark></p></div></article>",
        }
      }
      id="cms"
    />
  </div>
</div>
`;
