// Jest Snapshot v1, https://goo.gl/fbAQLP

exports[`ProductBox matches snapshot 1`] = `null`;
