// Jest Snapshot v1, https://goo.gl/fbAQLP

exports[`Account element to log in  matches snapshot 1`] = `
<div
  className="css-4vz6jx"
>
  <svg
    className="icons"
    dangerouslySetInnerHTML={
      Object {
        "__html": "<path d=\\"M20 22h-2v-2a3 3 0 0 0-3-3H9a3 3 0 0 0-3 3v2H4v-2a5 5 0 0 1 5-5h6a5 5 0 0 1 5 5v2zm-8-9a6 6 0 1 1 0-12a6 6 0 0 1 0 12zm0-2a4 4 0 1 0 0-8a4 4 0 0 0 0 8z\\" fill=\\"currentColor\\"/>",
      }
    }
    focusable={false}
    height="1em"
    preserveAspectRatio="xMidYMid meet"
    style={
      Object {
        "transform": "rotate(360deg)",
      }
    }
    viewBox="0 0 24 24"
    width="1em"
    xmlns="http://www.w3.org/2000/svg"
  />
  <a
    href="/auth"
    onClick={[Function]}
  >
    <div
      className="css-193p5vv"
    >
      Jane
    </div>
  </a>
</div>
`;
