// Jest Snapshot v1, https://goo.gl/fbAQLP

exports[`Dropdown element matches snapshot 1`] = `
<div
  className="css-ys1086"
  id="dropdown"
>
  <div
    className="css-aol0px"
  >
    <div
      className="css-idfoof"
    >
      <div
        className="others css-37bsuj"
      >
        <a
          href="/shop"
          onClick={[Function]}
        >
          <div
            className="css-vurnku"
          >
            Shop all
          </div>
        </a>
        <a
          aria-current="page"
          href="/"
          onClick={[Function]}
        >
          <div
            className="css-vurnku"
          >
            New arrivals
          </div>
        </a>
        <a
          aria-current="page"
          href="/"
          onClick={[Function]}
        >
          <div
            className="css-vurnku"
          >
            Best sellers
          </div>
        </a>
        <a
          aria-current="page"
          href="/"
          onClick={[Function]}
        >
          <div
            className="css-1q111xk"
          >
            Sale?
          </div>
        </a>
      </div>
      <div
        className="collections box-L css-1skn4m0"
      >
        <h3
          className="css-13qynyj"
        >
          Collections
        </h3>
        <div
          className="css-1pgcd23"
        >
          <a
            href="/shop?collections=collection1"
            onClick={[Function]}
          >
            <div
              className="css-vurnku"
            >
              Collection1
            </div>
          </a>
        </div>
      </div>
      <div
        className="categories box-L css-1skn4m0"
      >
        <h3
          className="css-13qynyj"
        >
          Categories
        </h3>
        <div
          className="css-e23ama"
        >
          <a
            href="/shop?categories=bracelet"
            onClick={[Function]}
          >
            <div
              className="css-vurnku"
            >
              Bracelets
            </div>
          </a>
          <a
            href="/shop?categories=necklace"
            onClick={[Function]}
          >
            <div
              className="css-vurnku"
            >
              Necklaces
            </div>
          </a>
          <a
            href="/shop?categories=ring"
            onClick={[Function]}
          >
            <div
              className="css-vurnku"
            >
              Rings
            </div>
          </a>
        </div>
      </div>
      <div
        className="collections box-S css-vurnku"
      >
        <div
          className="css-1barrhw"
          onClick={[Function]}
        >
          Collections
          <svg
            dangerouslySetInnerHTML={
              Object {
                "__html": "<path d=\\"M12 13.172l4.95-4.95l1.414 1.414L12 16L5.636 9.636L7.05 8.222z\\" fill=\\"currentColor\\"/>",
              }
            }
            focusable={false}
            height="1em"
            preserveAspectRatio="xMidYMid meet"
            style={
              Object {
                "transform": "rotate(360deg)",
                "verticalAlign": "-0.125em",
              }
            }
            viewBox="0 0 24 24"
            width="1em"
            xmlns="http://www.w3.org/2000/svg"
          />
        </div>
      </div>
      <div
        className="categories box-S css-vurnku"
      >
        <div
          className="css-1barrhw"
          onClick={[Function]}
        >
          Categories
          <svg
            dangerouslySetInnerHTML={
              Object {
                "__html": "<path d=\\"M12 13.172l4.95-4.95l1.414 1.414L12 16L5.636 9.636L7.05 8.222z\\" fill=\\"currentColor\\"/>",
              }
            }
            focusable={false}
            height="1em"
            preserveAspectRatio="xMidYMid meet"
            style={
              Object {
                "transform": "rotate(360deg)",
                "verticalAlign": "-0.125em",
              }
            }
            viewBox="0 0 24 24"
            width="1em"
            xmlns="http://www.w3.org/2000/svg"
          />
        </div>
      </div>
    </div>
    <div
      className="css-9pld1d"
    >
      <div
        className="css-1qpuzfb"
      >
        <div
          className=" gatsby-image-wrapper"
          style={
            Object {
              "maxHeight": null,
              "maxWidth": null,
              "overflow": "hidden",
              "position": "relative",
            }
          }
        >
          <div
            aria-hidden={true}
            style={
              Object {
                "paddingBottom": "NaN%",
                "width": "100%",
              }
            }
          />
          <picture>
            <source />
            <img
              alt=""
              loading="lazy"
              onLoad={[Function]}
              style={
                Object {
                  "height": "100%",
                  "left": 0,
                  "objectFit": "cover",
                  "objectPosition": "center",
                  "opacity": 0,
                  "position": "absolute",
                  "top": 0,
                  "transition": "opacity 500ms",
                  "width": "100%",
                }
              }
            />
          </picture>
          <noscript
            dangerouslySetInnerHTML={
              Object {
                "__html": "<picture><source srcset=\\"undefined\\" /><img loading=\\"lazy\\" src=\\"\\" alt=\\"\\" style=\\"position:absolute;top:0;left:0;opacity:1;width:100%;height:100%;object-fit:cover;object-position:center\\"/></picture>",
              }
            }
          />
        </div>
      </div>
      <div
        className="css-k7zh5q"
      >
        <div
          className=" gatsby-image-wrapper"
          style={
            Object {
              "maxHeight": null,
              "maxWidth": null,
              "overflow": "hidden",
              "position": "relative",
            }
          }
        >
          <div
            aria-hidden={true}
            style={
              Object {
                "paddingBottom": "NaN%",
                "width": "100%",
              }
            }
          />
          <picture>
            <source />
            <img
              alt=""
              loading="lazy"
              onLoad={[Function]}
              style={
                Object {
                  "height": "100%",
                  "left": 0,
                  "objectFit": "cover",
                  "objectPosition": "center",
                  "opacity": 0,
                  "position": "absolute",
                  "top": 0,
                  "transition": "opacity 500ms",
                  "width": "100%",
                }
              }
            />
          </picture>
          <noscript
            dangerouslySetInnerHTML={
              Object {
                "__html": "<picture><source srcset=\\"undefined\\" /><img loading=\\"lazy\\" src=\\"\\" alt=\\"\\" style=\\"position:absolute;top:0;left:0;opacity:1;width:100%;height:100%;object-fit:cover;object-position:center\\"/></picture>",
              }
            }
          />
        </div>
      </div>
    </div>
  </div>
</div>
`;
