// Jest Snapshot v1, https://goo.gl/fbAQLP

exports[`ProductForm matches snapshot 1`] = `
<form
  className="css-vurnku"
  onSubmit={[Function]}
>
  <div
    className="size css-d423ou"
  >
    <div
      className="css-9f02lh"
      id="size-label"
    >
      SIZES
    </div>
    <div
      className="css-1gw9uyr"
    >
      <div
        className="custom-select css-2b097c-container"
        onKeyDown={[Function]}
      >
        <div
          className="custom-select__control css-16c775h-Control"
          onMouseDown={[Function]}
          onTouchEnd={[Function]}
        >
          <div
            className="custom-select__value-container css-w0m9d3-ValueContainer"
          >
            <div
              className="custom-select__placeholder css-1wa3eu0-placeholder"
            >
              Select...
            </div>
            <div
              className="css-b8ldur-Input"
            >
              <div
                className="custom-select__input"
                style={
                  Object {
                    "display": "inline-block",
                  }
                }
              >
                <input
                  aria-autocomplete="list"
                  aria-labelledby="size-label"
                  autoCapitalize="none"
                  autoComplete="off"
                  autoCorrect="off"
                  disabled={false}
                  id="react-select-10-input"
                  onBlur={[Function]}
                  onChange={[Function]}
                  onFocus={[Function]}
                  spellCheck="false"
                  style={
                    Object {
                      "background": 0,
                      "border": 0,
                      "boxSizing": "content-box",
                      "color": "inherit",
                      "fontSize": "inherit",
                      "label": "input",
                      "opacity": 1,
                      "outline": 0,
                      "padding": 0,
                      "width": "1px",
                    }
                  }
                  tabIndex="0"
                  type="text"
                  value=""
                />
                <div
                  style={
                    Object {
                      "height": 0,
                      "left": 0,
                      "overflow": "scroll",
                      "position": "absolute",
                      "top": 0,
                      "visibility": "hidden",
                      "whiteSpace": "pre",
                    }
                  }
                >
                  
                </div>
              </div>
            </div>
          </div>
          <div
            className="custom-select__indicators css-1hb7zxy-IndicatorsContainer"
          >
            <span
              className="custom-select__indicator-separator css-1okebmr-indicatorSeparator"
            />
            <div
              aria-hidden="true"
              className="custom-select__indicator custom-select__dropdown-indicator css-tlfecz-indicatorContainer"
              onMouseDown={[Function]}
              onTouchEnd={[Function]}
            >
              <svg
                aria-hidden="true"
                className="css-6q0nyr-Svg"
                focusable="false"
                height={20}
                viewBox="0 0 20 20"
                width={20}
              >
                <path
                  d="M4.516 7.548c0.436-0.446 1.043-0.481 1.576 0l3.908 3.747 3.908-3.747c0.533-0.481 1.141-0.446 1.574 0 0.436 0.445 0.408 1.197 0 1.615-0.406 0.418-4.695 4.502-4.695 4.502-0.217 0.223-0.502 0.335-0.787 0.335s-0.57-0.112-0.789-0.335c0 0-4.287-4.084-4.695-4.502s-0.436-1.17 0-1.615z"
                />
              </svg>
            </div>
          </div>
        </div>
      </div>
    </div>
    <a
      aria-current="page"
      href="/"
      onClick={[Function]}
      role="button"
    >
      <div
        className="css-vurnku"
      >
        SIZE GUIDE
      </div>
    </a>
  </div>
  <div
    className="quantity css-1antd95"
  >
    <div
      className="css-9f02lh"
      id="quantity-label"
    >
      QUANTITY
    </div>
    <div
      className="css-c7q7nc"
    >
      <div
        className="custom-select css-2b097c-container"
        onKeyDown={[Function]}
      >
        <div
          className="custom-select__control css-16c775h-Control"
          onMouseDown={[Function]}
          onTouchEnd={[Function]}
        >
          <div
            className="custom-select__value-container css-w0m9d3-ValueContainer"
          >
            <div
              className="custom-select__placeholder css-1wa3eu0-placeholder"
            >
              Select...
            </div>
            <div
              className="css-b8ldur-Input"
            >
              <div
                className="custom-select__input"
                style={
                  Object {
                    "display": "inline-block",
                  }
                }
              >
                <input
                  aria-autocomplete="list"
                  aria-labelledby="quantity-label"
                  autoCapitalize="none"
                  autoComplete="off"
                  autoCorrect="off"
                  disabled={false}
                  id="react-select-11-input"
                  onBlur={[Function]}
                  onChange={[Function]}
                  onFocus={[Function]}
                  spellCheck="false"
                  style={
                    Object {
                      "background": 0,
                      "border": 0,
                      "boxSizing": "content-box",
                      "color": "inherit",
                      "fontSize": "inherit",
                      "label": "input",
                      "opacity": 1,
                      "outline": 0,
                      "padding": 0,
                      "width": "1px",
                    }
                  }
                  tabIndex="0"
                  type="text"
                  value=""
                />
                <div
                  style={
                    Object {
                      "height": 0,
                      "left": 0,
                      "overflow": "scroll",
                      "position": "absolute",
                      "top": 0,
                      "visibility": "hidden",
                      "whiteSpace": "pre",
                    }
                  }
                >
                  
                </div>
              </div>
            </div>
          </div>
          <div
            className="custom-select__indicators css-1hb7zxy-IndicatorsContainer"
          >
            <span
              className="custom-select__indicator-separator css-1okebmr-indicatorSeparator"
            />
            <div
              aria-hidden="true"
              className="custom-select__indicator custom-select__dropdown-indicator css-tlfecz-indicatorContainer"
              onMouseDown={[Function]}
              onTouchEnd={[Function]}
            >
              <svg
                aria-hidden="true"
                className="css-6q0nyr-Svg"
                focusable="false"
                height={20}
                viewBox="0 0 20 20"
                width={20}
              >
                <path
                  d="M4.516 7.548c0.436-0.446 1.043-0.481 1.576 0l3.908 3.747 3.908-3.747c0.533-0.481 1.141-0.446 1.574 0 0.436 0.445 0.408 1.197 0 1.615-0.406 0.418-4.695 4.502-4.695 4.502-0.217 0.223-0.502 0.335-0.787 0.335s-0.57-0.112-0.789-0.335c0 0-4.287-4.084-4.695-4.502s-0.436-1.17 0-1.615z"
                />
              </svg>
            </div>
          </div>
        </div>
      </div>
    </div>
  </div>
  <div
    className="css-1antd95"
  >
    <input
      className="css-qn6h7v"
      type="submit"
      value="ADD TO CART"
    />
  </div>
</form>
`;
