// Jest Snapshot v1, https://goo.gl/fbAQLP

exports[`Banner matches snapshot 1`] = `
<a
  href="/payment"
  onClick={[Function]}
>
  <div
    className="css-ombd65"
    id="banner"
    role="banner"
  >
    Hello world
  </div>
</a>
`;
